GET 00000000047ffffffffffffffe616263 
    PK testpb.ExampleTable 4/-2/"abc" -> u32:4 str:"abc" i64:-2
SET 00000000047ffffffffffffffe616263 1007
    PK testpb.ExampleTable 4/-2/"abc" -> u32:4 u64:7 str:"abc" i64:-2
HAS 010000000000000007616263
    ERR:EOF
SET 010000000000000007616263 000000047ffffffffffffffe
    UNIQ testpb.ExampleTable u64/str : 7/"abc" -> 4/-2/"abc"
SET 0261626300000000047ffffffffffffffe 
    IDX testpb.ExampleTable str/u32/i64 : "abc"/4/-2 -> 4/-2/"abc"
SET 030061626300000000047ffffffffffffffe 
    IDX testpb.ExampleTable bz/str/u32/i64 : ""/"abc"/4/-2 -> 4/-2/"abc"
ITERATOR 00 -> 01
  VALID true
  KEY 00000000047ffffffffffffffe616263 1007
      PK testpb.ExampleTable 4/-2/"abc" -> u32:4 u64:7 str:"abc" i64:-2
  NEXT
  VALID false
GET 00000000047ffffffffffffffe616264 
    PK testpb.ExampleTable 4/-2/"abd" -> u32:4 str:"abd" i64:-2
SET 00000000047ffffffffffffffe616264 1007
    PK testpb.ExampleTable 4/-2/"abd" -> u32:4 u64:7 str:"abd" i64:-2
HAS 010000000000000007616264
    ERR:EOF
SET 010000000000000007616264 000000047ffffffffffffffe
    UNIQ testpb.ExampleTable u64/str : 7/"abd" -> 4/-2/"abd"
SET 0261626400000000047ffffffffffffffe 
    IDX testpb.ExampleTable str/u32/i64 : "abd"/4/-2 -> 4/-2/"abd"
SET 030061626400000000047ffffffffffffffe 
    IDX testpb.ExampleTable bz/str/u32/i64 : ""/"abd"/4/-2 -> 4/-2/"abd"
ITERATOR 00 -> 01
  VALID true
  KEY 00000000047ffffffffffffffe616263 1007
      PK testpb.ExampleTable 4/-2/"abc" -> u32:4 u64:7 str:"abc" i64:-2
  NEXT
  VALID true
  KEY 00000000047ffffffffffffffe616264 1007
      PK testpb.ExampleTable 4/-2/"abd" -> u32:4 u64:7 str:"abd" i64:-2
  NEXT
  VALID false
GET 00000000047fffffffffffffff616263 
    PK testpb.ExampleTable 4/-1/"abc" -> u32:4 str:"abc" i64:-1
SET 00000000047fffffffffffffff616263 1008
    PK testpb.ExampleTable 4/-1/"abc" -> u32:4 u64:8 str:"abc" i64:-1
HAS 010000000000000008616263
    ERR:EOF
SET 010000000000000008616263 000000047fffffffffffffff
    UNIQ testpb.ExampleTable u64/str : 8/"abc" -> 4/-1/"abc"
SET 0261626300000000047fffffffffffffff 
    IDX testpb.ExampleTable str/u32/i64 : "abc"/4/-1 -> 4/-1/"abc"
SET 030061626300000000047fffffffffffffff 
    IDX testpb.ExampleTable bz/str/u32/i64 : ""/"abc"/4/-1 -> 4/-1/"abc"
GET 00000000057ffffffffffffffe616264 
    PK testpb.ExampleTable 5/-2/"abd" -> u32:5 str:"abd" i64:-2
SET 00000000057ffffffffffffffe616264 1008
    PK testpb.ExampleTable 5/-2/"abd" -> u32:5 u64:8 str:"abd" i64:-2
HAS 010000000000000008616264
    ERR:EOF
SET 010000000000000008616264 000000057ffffffffffffffe
    UNIQ testpb.ExampleTable u64/str : 8/"abd" -> 5/-2/"abd"
SET 0261626400000000057ffffffffffffffe 
    IDX testpb.ExampleTable str/u32/i64 : "abd"/5/-2 -> 5/-2/"abd"
SET 030061626400000000057ffffffffffffffe 
    IDX testpb.ExampleTable bz/str/u32/i64 : ""/"abd"/5/-2 -> 5/-2/"abd"
GET 00000000057ffffffffffffffe616265 
    PK testpb.ExampleTable 5/-2/"abe" -> u32:5 str:"abe" i64:-2
SET 00000000057ffffffffffffffe616265 1009
    PK testpb.ExampleTable 5/-2/"abe" -> u32:5 u64:9 str:"abe" i64:-2
HAS 010000000000000009616265
    ERR:EOF
SET 010000000000000009616265 000000057ffffffffffffffe
    UNIQ testpb.ExampleTable u64/str : 9/"abe" -> 5/-2/"abe"
SET 0261626500000000057ffffffffffffffe 
    IDX testpb.ExampleTable str/u32/i64 : "abe"/5/-2 -> 5/-2/"abe"
SET 030061626500000000057ffffffffffffffe 
    IDX testpb.ExampleTable bz/str/u32/i64 : ""/"abe"/5/-2 -> 5/-2/"abe"
GET 00000000077ffffffffffffffe616265 
    PK testpb.ExampleTable 7/-2/"abe" -> u32:7 str:"abe" i64:-2
SET 00000000077ffffffffffffffe616265 100a
    PK testpb.ExampleTable 7/-2/"abe" -> u32:7 u64:10 str:"abe" i64:-2
HAS 01000000000000000a616265
    ERR:EOF
SET 01000000000000000a616265 000000077ffffffffffffffe
    UNIQ testpb.ExampleTable u64/str : 10/"abe" -> 7/-2/"abe"
SET 0261626500000000077ffffffffffffffe 
    IDX testpb.ExampleTable str/u32/i64 : "abe"/7/-2 -> 7/-2/"abe"
SET 030061626500000000077ffffffffffffffe 
    IDX testpb.ExampleTable bz/str/u32/i64 : ""/"abe"/7/-2 -> 7/-2/"abe"
GET 00000000077fffffffffffffff616265 
    PK testpb.ExampleTable 7/-1/"abe" -> u32:7 str:"abe" i64:-1
SET 00000000077fffffffffffffff616265 100b
    PK testpb.ExampleTable 7/-1/"abe" -> u32:7 u64:11 str:"abe" i64:-1
HAS 01000000000000000b616265
    ERR:EOF
SET 01000000000000000b616265 000000077fffffffffffffff
    UNIQ testpb.ExampleTable u64/str : 11/"abe" -> 7/-1/"abe"
SET 0261626500000000077fffffffffffffff 
    IDX testpb.ExampleTable str/u32/i64 : "abe"/7/-1 -> 7/-1/"abe"
SET 030061626500000000077fffffffffffffff 
    IDX testpb.ExampleTable bz/str/u32/i64 : ""/"abe"/7/-1 -> 7/-1/"abe"
GET 00000000087ffffffffffffffc616263 
    PK testpb.ExampleTable 8/-4/"abc" -> u32:8 str:"abc" i64:-4
SET 00000000087ffffffffffffffc616263 100b
    PK testpb.ExampleTable 8/-4/"abc" -> u32:8 u64:11 str:"abc" i64:-4
HAS 01000000000000000b616263
    ERR:EOF
SET 01000000000000000b616263 000000087ffffffffffffffc
    UNIQ testpb.ExampleTable u64/str : 11/"abc" -> 8/-4/"abc"
SET 0261626300000000087ffffffffffffffc 
    IDX testpb.ExampleTable str/u32/i64 : "abc"/8/-4 -> 8/-4/"abc"
SET 030061626300000000087ffffffffffffffc 
    IDX testpb.ExampleTable bz/str/u32/i64 : ""/"abc"/8/-4 -> 8/-4/"abc"
GET 00000000088000000000000001616263 
    PK testpb.ExampleTable 8/1/"abc" -> u32:8 str:"abc" i64:1
SET 00000000088000000000000001616263 100c
    PK testpb.ExampleTable 8/1/"abc" -> u32:8 u64:12 str:"abc" i64:1
HAS 01000000000000000c616263
    ERR:EOF
SET 01000000000000000c616263 000000088000000000000001
    UNIQ testpb.ExampleTable u64/str : 12/"abc" -> 8/1/"abc"
SET 0261626300000000088000000000000001 
    IDX testpb.ExampleTable str/u32/i64 : "abc"/8/1 -> 8/1/"abc"
SET 030061626300000000088000000000000001 
    IDX testpb.ExampleTable bz/str/u32/i64 : ""/"abc"/8/1 -> 8/1/"abc"
GET 00000000088000000000000001616264 
    PK testpb.ExampleTable 8/1/"abd" -> u32:8 str:"abd" i64:1
SET 00000000088000000000000001616264 100a
    PK testpb.ExampleTable 8/1/"abd" -> u32:8 u64:10 str:"abd" i64:1
HAS 01000000000000000a616264
    ERR:EOF
SET 01000000000000000a616264 000000088000000000000001
    UNIQ testpb.ExampleTable u64/str : 10/"abd" -> 8/1/"abd"
SET 0261626400000000088000000000000001 
    IDX testpb.ExampleTable str/u32/i64 : "abd"/8/1 -> 8/1/"abd"
SET 030061626400000000088000000000000001 
    IDX testpb.ExampleTable bz/str/u32/i64 : ""/"abd"/8/1 -> 8/1/"abd"
ITERATOR 0000000008 -> 0000000009
  VALID true
  KEY 00000000087ffffffffffffffc616263 100b
      PK testpb.ExampleTable 8/-4/"abc" -> u32:8 u64:11 str:"abc" i64:-4
  NEXT
  VALID true
  KEY 00000000088000000000000001616263 100c
      PK testpb.ExampleTable 8/1/"abc" -> u32:8 u64:12 str:"abc" i64:1
  NEXT
  VALID true
  KEY 00000000088000000000000001616264 100a
      PK testpb.ExampleTable 8/1/"abd" -> u32:8 u64:10 str:"abd" i64:1
  NEXT
  VALID false
ITERATOR 0000000004 <- 0000000005
  VALID true
  KEY 00000000047fffffffffffffff616263 1008
      PK testpb.ExampleTable 4/-1/"abc" -> u32:4 u64:8 str:"abc" i64:-1
  NEXT
  VALID true
  KEY 00000000047ffffffffffffffe616264 1007
      PK testpb.ExampleTable 4/-2/"abd" -> u32:4 u64:7 str:"abd" i64:-2
  NEXT
  VALID true
  KEY 00000000047ffffffffffffffe616263 1007
      PK testpb.ExampleTable 4/-2/"abc" -> u32:4 u64:7 str:"abc" i64:-2
  NEXT
  VALID false
ITERATOR 00000000047fffffffffffffff -> 0000000008
  VALID true
  KEY 00000000047fffffffffffffff616263 1008
      PK testpb.ExampleTable 4/-1/"abc" -> u32:4 u64:8 str:"abc" i64:-1
  NEXT
  VALID true
  KEY 00000000057ffffffffffffffe616264 1008
      PK testpb.ExampleTable 5/-2/"abd" -> u32:5 u64:8 str:"abd" i64:-2
  NEXT
  VALID true
  KEY 00000000057ffffffffffffffe616265 1009
      PK testpb.ExampleTable 5/-2/"abe" -> u32:5 u64:9 str:"abe" i64:-2
  NEXT
  VALID true
  KEY 00000000077ffffffffffffffe616265 100a
      PK testpb.ExampleTable 7/-2/"abe" -> u32:7 u64:10 str:"abe" i64:-2
  NEXT
  VALID true
  KEY 00000000077fffffffffffffff616265 100b
      PK testpb.ExampleTable 7/-1/"abe" -> u32:7 u64:11 str:"abe" i64:-1
  NEXT
  VALID false
ITERATOR 00000000057ffffffffffffffd -> 00000000088000000000000001616264
  VALID true
  KEY 00000000057ffffffffffffffe616264 1008
      PK testpb.ExampleTable 5/-2/"abd" -> u32:5 u64:8 str:"abd" i64:-2
  NEXT
  VALID true
  KEY 00000000057ffffffffffffffe616265 1009
      PK testpb.ExampleTable 5/-2/"abe" -> u32:5 u64:9 str:"abe" i64:-2
  NEXT
  VALID true
  KEY 00000000077ffffffffffffffe616265 100a
      PK testpb.ExampleTable 7/-2/"abe" -> u32:7 u64:10 str:"abe" i64:-2
  NEXT
  VALID true
  KEY 00000000077fffffffffffffff616265 100b
      PK testpb.ExampleTable 7/-1/"abe" -> u32:7 u64:11 str:"abe" i64:-1
  NEXT
  VALID true
  KEY 00000000087ffffffffffffffc616263 100b
      PK testpb.ExampleTable 8/-4/"abc" -> u32:8 u64:11 str:"abc" i64:-4
  NEXT
  VALID true
  KEY 00000000088000000000000001616263 100c
      PK testpb.ExampleTable 8/1/"abc" -> u32:8 u64:12 str:"abc" i64:1
  NEXT
  VALID false
ITERATOR 0261626300 <- 0261626401
  VALID true
  KEY 0261626400000000088000000000000001 
      IDX testpb.ExampleTable str/u32/i64 : "abd"/8/1 -> 8/1/"abd"
GET 00000000088000000000000001616264 100a
    PK testpb.ExampleTable 8/1/"abd" -> u32:8 u64:10 str:"abd" i64:1
  NEXT
  VALID true
  KEY 0261626400000000057ffffffffffffffe 
      IDX testpb.ExampleTable str/u32/i64 : "abd"/5/-2 -> 5/-2/"abd"
GET 00000000057ffffffffffffffe616264 1008
    PK testpb.ExampleTable 5/-2/"abd" -> u32:5 u64:8 str:"abd" i64:-2
  NEXT
  VALID true
  KEY 0261626400000000047ffffffffffffffe 
      IDX testpb.ExampleTable str/u32/i64 : "abd"/4/-2 -> 4/-2/"abd"
GET 00000000047ffffffffffffffe616264 1007
    PK testpb.ExampleTable 4/-2/"abd" -> u32:4 u64:7 str:"abd" i64:-2
  NEXT
  VALID true
  KEY 0261626300000000088000000000000001 
      IDX testpb.ExampleTable str/u32/i64 : "abc"/8/1 -> 8/1/"abc"
GET 00000000088000000000000001616263 100c
    PK testpb.ExampleTable 8/1/"abc" -> u32:8 u64:12 str:"abc" i64:1
  NEXT
  VALID true
  KEY 0261626300000000087ffffffffffffffc 
      IDX testpb.ExampleTable str/u32/i64 : "abc"/8/-4 -> 8/-4/"abc"
GET 00000000087ffffffffffffffc616263 100b
    PK testpb.ExampleTable 8/-4/"abc" -> u32:8 u64:11 str:"abc" i64:-4
  NEXT
  VALID true
  KEY 0261626300000000047fffffffffffffff 
      IDX testpb.ExampleTable str/u32/i64 : "abc"/4/-1 -> 4/-1/"abc"
GET 00000000047fffffffffffffff616263 1008
    PK testpb.ExampleTable 4/-1/"abc" -> u32:4 u64:8 str:"abc" i64:-1
  NEXT
  VALID true
  KEY 0261626300000000047ffffffffffffffe 
      IDX testpb.ExampleTable str/u32/i64 : "abc"/4/-2 -> 4/-2/"abc"
GET 00000000047ffffffffffffffe616263 1007
    PK testpb.ExampleTable 4/-2/"abc" -> u32:4 u64:7 str:"abc" i64:-2
  NEXT
  VALID false
ITERATOR 026162650000000007 -> 026162650000000008
  VALID true
  KEY 0261626500000000077ffffffffffffffe 
      IDX testpb.ExampleTable str/u32/i64 : "abe"/7/-2 -> 7/-2/"abe"
GET 00000000077ffffffffffffffe616265 100a
    PK testpb.ExampleTable 7/-2/"abe" -> u32:7 u64:10 str:"abe" i64:-2
  NEXT
  VALID true
  KEY 0261626500000000077fffffffffffffff 
      IDX testpb.ExampleTable str/u32/i64 : "abe"/7/-1 -> 7/-1/"abe"
GET 00000000077fffffffffffffff616265 100b
    PK testpb.ExampleTable 7/-1/"abe" -> u32:7 u64:11 str:"abe" i64:-1
  NEXT
  VALID false
ITERATOR 026162630000000004 <- 026162630000000005
  VALID true
  KEY 0261626300000000047fffffffffffffff 
      IDX testpb.ExampleTable str/u32/i64 : "abc"/4/-1 -> 4/-1/"abc"
GET 00000000047fffffffffffffff616263 1008
    PK testpb.ExampleTable 4/-1/"abc" -> u32:4 u64:8 str:"abc" i64:-1
  NEXT
  VALID true
  KEY 0261626300000000047ffffffffffffffe 
      IDX testpb.ExampleTable str/u32/i64 : "abc"/4/-2 -> 4/-2/"abc"
GET 00000000047ffffffffffffffe616263 1007
    PK testpb.ExampleTable 4/-2/"abc" -> u32:4 u64:7 str:"abc" i64:-2
  NEXT
  VALID false
HAS 01000000000000000c616263
    ERR:EOF
GET 01000000000000000c616263 000000088000000000000001
    UNIQ testpb.ExampleTable u64/str : 12/"abc" -> 8/1/"abc"
GET 00000000088000000000000001616263 100c
    PK testpb.ExampleTable 8/1/"abc" -> u32:8 u64:12 str:"abc" i64:1
ITERATOR 00 -> 01
  VALID true
  KEY 00000000047ffffffffffffffe616263 1007
      PK testpb.ExampleTable 4/-2/"abc" -> u32:4 u64:7 str:"abc" i64:-2
  KEY 00000000047ffffffffffffffe616263 1007
      PK testpb.ExampleTable 4/-2/"abc" -> u32:4 u64:7 str:"abc" i64:-2
  NEXT
  VALID true
  KEY 00000000047ffffffffffffffe616264 1007
      PK testpb.ExampleTable 4/-2/"abd" -> u32:4 u64:7 str:"abd" i64:-2
  KEY 00000000047ffffffffffffffe616264 1007
      PK testpb.ExampleTable 4/-2/"abd" -> u32:4 u64:7 str:"abd" i64:-2
  NEXT
  VALID true
  KEY 00000000047fffffffffffffff616263 1008
      PK testpb.ExampleTable 4/-1/"abc" -> u32:4 u64:8 str:"abc" i64:-1
  KEY 00000000047fffffffffffffff616263 1008
      PK testpb.ExampleTable 4/-1/"abc" -> u32:4 u64:8 str:"abc" i64:-1
  NEXT
  VALID true
  KEY 00000000057ffffffffffffffe616264 1008
      PK testpb.ExampleTable 5/-2/"abd" -> u32:5 u64:8 str:"abd" i64:-2
  KEY 00000000057ffffffffffffffe616264 1008
      PK testpb.ExampleTable 5/-2/"abd" -> u32:5 u64:8 str:"abd" i64:-2
  NEXT
  VALID true
  NEXT
  VALID true
  NEXT
  VALID true
  NEXT
  VALID true
  NEXT
  VALID true
  NEXT
  VALID true
  NEXT
  VALID false
  CLOSE
ITERATOR 00000000057ffffffffffffffe61626400 -> 01
  VALID true
  KEY 00000000057ffffffffffffffe616265 1009
      PK testpb.ExampleTable 5/-2/"abe" -> u32:5 u64:9 str:"abe" i64:-2
  KEY 00000000057ffffffffffffffe616265 1009
      PK testpb.ExampleTable 5/-2/"abe" -> u32:5 u64:9 str:"abe" i64:-2
  NEXT
  VALID true
  KEY 00000000077ffffffffffffffe616265 100a
      PK testpb.ExampleTable 7/-2/"abe" -> u32:7 u64:10 str:"abe" i64:-2
  KEY 00000000077ffffffffffffffe616265 100a
      PK testpb.ExampleTable 7/-2/"abe" -> u32:7 u64:10 str:"abe" i64:-2
  NEXT
  VALID true
  KEY 00000000077fffffffffffffff616265 100b
      PK testpb.ExampleTable 7/-1/"abe" -> u32:7 u64:11 str:"abe" i64:-1
  KEY 00000000077fffffffffffffff616265 100b
      PK testpb.ExampleTable 7/-1/"abe" -> u32:7 u64:11 str:"abe" i64:-1
  NEXT
  VALID true
  KEY 00000000087ffffffffffffffc616263 100b
      PK testpb.ExampleTable 8/-4/"abc" -> u32:8 u64:11 str:"abc" i64:-4
  KEY 00000000087ffffffffffffffc616263 100b
      PK testpb.ExampleTable 8/-4/"abc" -> u32:8 u64:11 str:"abc" i64:-4
  NEXT
  VALID true
  CLOSE
ITERATOR 00000000087ffffffffffffffc61626300 -> 01
  VALID true
  KEY 00000000088000000000000001616263 100c
      PK testpb.ExampleTable 8/1/"abc" -> u32:8 u64:12 str:"abc" i64:1
  KEY 00000000088000000000000001616263 100c
      PK testpb.ExampleTable 8/1/"abc" -> u32:8 u64:12 str:"abc" i64:1
  NEXT
  VALID true
  KEY 00000000088000000000000001616264 100a
      PK testpb.ExampleTable 8/1/"abd" -> u32:8 u64:10 str:"abd" i64:1
  KEY 00000000088000000000000001616264 100a
      PK testpb.ExampleTable 8/1/"abd" -> u32:8 u64:10 str:"abd" i64:1
  NEXT
  VALID false
  CLOSE
ITERATOR 00 <- 01
  VALID true
  KEY 00000000088000000000000001616264 100a
      PK testpb.ExampleTable 8/1/"abd" -> u32:8 u64:10 str:"abd" i64:1
  KEY 00000000088000000000000001616264 100a
      PK testpb.ExampleTable 8/1/"abd" -> u32:8 u64:10 str:"abd" i64:1
  NEXT
  VALID true
  KEY 00000000088000000000000001616263 100c
      PK testpb.ExampleTable 8/1/"abc" -> u32:8 u64:12 str:"abc" i64:1
  KEY 00000000088000000000000001616263 100c
      PK testpb.ExampleTable 8/1/"abc" -> u32:8 u64:12 str:"abc" i64:1
  NEXT
  VALID true
  NEXT
  VALID true
  NEXT
  VALID true
  NEXT
  VALID true
  NEXT
  VALID true
  NEXT
  VALID true
  NEXT
  VALID true
  NEXT
  VALID true
  NEXT
  VALID false
  CLOSE
ITERATOR 00 <- 00000000088000000000000001616263
  VALID true
  KEY 00000000087ffffffffffffffc616263 100b
      PK testpb.ExampleTable 8/-4/"abc" -> u32:8 u64:11 str:"abc" i64:-4
  KEY 00000000087ffffffffffffffc616263 100b
      PK testpb.ExampleTable 8/-4/"abc" -> u32:8 u64:11 str:"abc" i64:-4
  NEXT
  VALID true
  KEY 00000000077fffffffffffffff616265 100b
      PK testpb.ExampleTable 7/-1/"abe" -> u32:7 u64:11 str:"abe" i64:-1
  KEY 00000000077fffffffffffffff616265 100b
      PK testpb.ExampleTable 7/-1/"abe" -> u32:7 u64:11 str:"abe" i64:-1
  NEXT
  VALID true
  CLOSE
ITERATOR 00000000047fffffffffffffff616263 -> 00000000077ffffffffffffffe616266
  VALID true
  KEY 00000000047fffffffffffffff616263 1008
      PK testpb.ExampleTable 4/-1/"abc" -> u32:4 u64:8 str:"abc" i64:-1
  KEY 00000000047fffffffffffffff616263 1008
      PK testpb.ExampleTable 4/-1/"abc" -> u32:4 u64:8 str:"abc" i64:-1
  NEXT
  VALID true
  KEY 00000000057ffffffffffffffe616264 1008
      PK testpb.ExampleTable 5/-2/"abd" -> u32:5 u64:8 str:"abd" i64:-2
  KEY 00000000057ffffffffffffffe616264 1008
      PK testpb.ExampleTable 5/-2/"abd" -> u32:5 u64:8 str:"abd" i64:-2
  NEXT
  VALID true
  KEY 00000000057ffffffffffffffe616265 1009
      PK testpb.ExampleTable 5/-2/"abe" -> u32:5 u64:9 str:"abe" i64:-2
  KEY 00000000057ffffffffffffffe616265 1009
      PK testpb.ExampleTable 5/-2/"abe" -> u32:5 u64:9 str:"abe" i64:-2
  NEXT
  VALID true
  KEY 00000000077ffffffffffffffe616265 100a
      PK testpb.ExampleTable 7/-2/"abe" -> u32:7 u64:10 str:"abe" i64:-2
  KEY 00000000077ffffffffffffffe616265 100a
      PK testpb.ExampleTable 7/-2/"abe" -> u32:7 u64:10 str:"abe" i64:-2
  NEXT
  VALID false
  CLOSE
ITERATOR 00 -> 01
  VALID true
  NEXT
  VALID true
  NEXT
  VALID true
  NEXT
  VALID true
  KEY 00000000057ffffffffffffffe616264 1008
      PK testpb.ExampleTable 5/-2/"abd" -> u32:5 u64:8 str:"abd" i64:-2
  KEY 00000000057ffffffffffffffe616264 1008
      PK testpb.ExampleTable 5/-2/"abd" -> u32:5 u64:8 str:"abd" i64:-2
  NEXT
  VALID true
  KEY 00000000057ffffffffffffffe616265 1009
      PK testpb.ExampleTable 5/-2/"abe" -> u32:5 u64:9 str:"abe" i64:-2
  KEY 00000000057ffffffffffffffe616265 1009
      PK testpb.ExampleTable 5/-2/"abe" -> u32:5 u64:9 str:"abe" i64:-2
  NEXT
  VALID true
  NEXT
  VALID true
  NEXT
  VALID true
  NEXT
  VALID true
  NEXT
  VALID true
  NEXT
  VALID false
  CLOSE
ITERATOR 00 <- 01
  VALID true
  NEXT
  VALID true
  NEXT
  VALID true
  NEXT
  VALID true
  NEXT
  VALID true
  NEXT
  VALID true
  KEY 00000000057ffffffffffffffe616265 1009
      PK testpb.ExampleTable 5/-2/"abe" -> u32:5 u64:9 str:"abe" i64:-2
  KEY 00000000057ffffffffffffffe616265 1009
      PK testpb.ExampleTable 5/-2/"abe" -> u32:5 u64:9 str:"abe" i64:-2
  NEXT
  VALID true
  KEY 00000000057ffffffffffffffe616264 1008
      PK testpb.ExampleTable 5/-2/"abd" -> u32:5 u64:8 str:"abd" i64:-2
  KEY 00000000057ffffffffffffffe616264 1008
      PK testpb.ExampleTable 5/-2/"abd" -> u32:5 u64:8 str:"abd" i64:-2
  NEXT
  VALID true
  KEY 00000000047fffffffffffffff616263 1008
      PK testpb.ExampleTable 4/-1/"abc" -> u32:4 u64:8 str:"abc" i64:-1
  KEY 00000000047fffffffffffffff616263 1008
      PK testpb.ExampleTable 4/-1/"abc" -> u32:4 u64:8 str:"abc" i64:-1
  NEXT
  VALID true
  NEXT
  VALID true
  NEXT
  VALID false
  CLOSE
ITERATOR 00 -> 01
  VALID true
  NEXT
  VALID true
  NEXT
  VALID true
  NEXT
  VALID true
  NEXT
  VALID true
  NEXT
  VALID true
  NEXT
  VALID true
  NEXT
  VALID true
  NEXT
  VALID true
  NEXT
  VALID true
  NEXT
  VALID false
  CLOSE
ITERATOR 00 -> 01
  VALID true
  NEXT
  VALID true
  NEXT
  VALID true
  NEXT
  VALID true
  NEXT
  VALID true
  NEXT
  VALID true
  NEXT
  VALID true
  NEXT
  VALID true
  NEXT
  VALID true
  NEXT
  VALID true
  NEXT
  VALID false
  CLOSE
GET 00000000047ffffffffffffffe616263 1007
    PK testpb.ExampleTable 4/-2/"abc" -> u32:4 u64:7 str:"abc" i64:-2
SET 00000000047ffffffffffffffe616263 100e
    PK testpb.ExampleTable 4/-2/"abc" -> u32:4 u64:14 str:"abc" i64:-2
HAS 01000000000000000e616263
    ERR:EOF
DEL 010000000000000007616263
DEL ERR:EOF
SET 01000000000000000e616263 000000047ffffffffffffffe
    UNIQ testpb.ExampleTable u64/str : 14/"abc" -> 4/-2/"abc"
GET 00000000047ffffffffffffffe616264 1007
    PK testpb.ExampleTable 4/-2/"abd" -> u32:4 u64:7 str:"abd" i64:-2
SET 00000000047ffffffffffffffe616264 100e
    PK testpb.ExampleTable 4/-2/"abd" -> u32:4 u64:14 str:"abd" i64:-2
HAS 01000000000000000e616264
    ERR:EOF
DEL 010000000000000007616264
DEL ERR:EOF
SET 01000000000000000e616264 000000047ffffffffffffffe
    UNIQ testpb.ExampleTable u64/str : 14/"abd" -> 4/-2/"abd"
GET 00000000047fffffffffffffff616263 1008
    PK testpb.ExampleTable 4/-1/"abc" -> u32:4 u64:8 str:"abc" i64:-1
SET 00000000047fffffffffffffff616263 1010
    PK testpb.ExampleTable 4/-1/"abc" -> u32:4 u64:16 str:"abc" i64:-1
HAS 010000000000000010616263
    ERR:EOF
DEL 010000000000000008616263
DEL ERR:EOF
SET 010000000000000010616263 000000047fffffffffffffff
    UNIQ testpb.ExampleTable u64/str : 16/"abc" -> 4/-1/"abc"
GET 00000000057ffffffffffffffe616264 1008
    PK testpb.ExampleTable 5/-2/"abd" -> u32:5 u64:8 str:"abd" i64:-2
SET 00000000057ffffffffffffffe616264 1010
    PK testpb.ExampleTable 5/-2/"abd" -> u32:5 u64:16 str:"abd" i64:-2
HAS 010000000000000010616264
    ERR:EOF
DEL 010000000000000008616264
DEL ERR:EOF
SET 010000000000000010616264 000000057ffffffffffffffe
    UNIQ testpb.ExampleTable u64/str : 16/"abd" -> 5/-2/"abd"
GET 00000000057ffffffffffffffe616265 1009
    PK testpb.ExampleTable 5/-2/"abe" -> u32:5 u64:9 str:"abe" i64:-2
SET 00000000057ffffffffffffffe616265 1012
    PK testpb.ExampleTable 5/-2/"abe" -> u32:5 u64:18 str:"abe" i64:-2
HAS 010000000000000012616265
    ERR:EOF
DEL 010000000000000009616265
DEL ERR:EOF
SET 010000000000000012616265 000000057ffffffffffffffe
    UNIQ testpb.ExampleTable u64/str : 18/"abe" -> 5/-2/"abe"
ITERATOR 00 -> 01
  VALID true
  KEY 00000000047ffffffffffffffe616263 100e
      PK testpb.ExampleTable 4/-2/"abc" -> u32:4 u64:14 str:"abc" i64:-2
  NEXT
  VALID true
  KEY 00000000047ffffffffffffffe616264 100e
      PK testpb.ExampleTable 4/-2/"abd" -> u32:4 u64:14 str:"abd" i64:-2
  NEXT
  VALID true
  KEY 00000000047fffffffffffffff616263 1010
      PK testpb.ExampleTable 4/-1/"abc" -> u32:4 u64:16 str:"abc" i64:-1
  NEXT
  VALID true
  KEY 00000000057ffffffffffffffe616264 1010
      PK testpb.ExampleTable 5/-2/"abd" -> u32:5 u64:16 str:"abd" i64:-2
  NEXT
  VALID true
  KEY 00000000057ffffffffffffffe616265 1012
      PK testpb.ExampleTable 5/-2/"abe" -> u32:5 u64:18 str:"abe" i64:-2
  NEXT
  VALID true
  KEY 00000000077ffffffffffffffe616265 100a
      PK testpb.ExampleTable 7/-2/"abe" -> u32:7 u64:10 str:"abe" i64:-2
  NEXT
  VALID true
  KEY 00000000077fffffffffffffff616265 100b
      PK testpb.ExampleTable 7/-1/"abe" -> u32:7 u64:11 str:"abe" i64:-1
  NEXT
  VALID true
  KEY 00000000087ffffffffffffffc616263 100b
      PK testpb.ExampleTable 8/-4/"abc" -> u32:8 u64:11 str:"abc" i64:-4
  NEXT
  VALID true
  KEY 00000000088000000000000001616263 100c
      PK testpb.ExampleTable 8/1/"abc" -> u32:8 u64:12 str:"abc" i64:1
  NEXT
  VALID true
  KEY 00000000088000000000000001616264 100a
      PK testpb.ExampleTable 8/1/"abd" -> u32:8 u64:10 str:"abd" i64:1
  NEXT
  VALID false
GET 00000000098000000000000000 
    PK testpb.ExampleTable 9/0/"" -> u32:9
SET 00000000098000000000000000 
    PK testpb.ExampleTable 9/0/"" -> u32:9
HAS 010000000000000000
    ERR:EOF
SET 010000000000000000 000000098000000000000000
    UNIQ testpb.ExampleTable u64/str : 0/"" -> 9/0/""
SET 0200000000098000000000000000 
    IDX testpb.ExampleTable str/u32/i64 : ""/9/0 -> 9/0/""
SET 030000000000098000000000000000 
    IDX testpb.ExampleTable bz/str/u32/i64 : ""/""/9/0 -> 9/0/""
GET 00000000098000000000000000 
    PK testpb.ExampleTable 9/0/"" -> u32:9
GET 00000000098000000000000000 
    PK testpb.ExampleTable 9/0/"" -> u32:9
SET 00000000098000000000000000 7801
    PK testpb.ExampleTable 9/0/"" -> u32:9 b:true
GET 00000000098000000000000000 7801
    PK testpb.ExampleTable 9/0/"" -> u32:9 b:true
ITERATOR 00 -> 01
  VALID true
  KEY 00000000047ffffffffffffffe616263 100e
      PK testpb.ExampleTable 4/-2/"abc" -> u32:4 u64:14 str:"abc" i64:-2
  NEXT
  VALID true
  KEY 00000000047ffffffffffffffe616264 100e
      PK testpb.ExampleTable 4/-2/"abd" -> u32:4 u64:14 str:"abd" i64:-2
  NEXT
  VALID true
  KEY 00000000047fffffffffffffff616263 1010
      PK testpb.ExampleTable 4/-1/"abc" -> u32:4 u64:16 str:"abc" i64:-1
  NEXT
  VALID true
  KEY 00000000057ffffffffffffffe616264 1010
      PK testpb.ExampleTable 5/-2/"abd" -> u32:5 u64:16 str:"abd" i64:-2
  NEXT
  VALID true
  KEY 00000000057ffffffffffffffe616265 1012
      PK testpb.ExampleTable 5/-2/"abe" -> u32:5 u64:18 str:"abe" i64:-2
  NEXT
  VALID true
  KEY 00000000077ffffffffffffffe616265 100a
      PK testpb.ExampleTable 7/-2/"abe" -> u32:7 u64:10 str:"abe" i64:-2
  NEXT
  VALID true
  KEY 00000000077fffffffffffffff616265 100b
      PK testpb.ExampleTable 7/-1/"abe" -> u32:7 u64:11 str:"abe" i64:-1
  NEXT
  VALID true
  KEY 00000000087ffffffffffffffc616263 100b
      PK testpb.ExampleTable 8/-4/"abc" -> u32:8 u64:11 str:"abc" i64:-4
  NEXT
  VALID true
  KEY 00000000088000000000000001616263 100c
      PK testpb.ExampleTable 8/1/"abc" -> u32:8 u64:12 str:"abc" i64:1
  NEXT
  VALID true
  KEY 00000000088000000000000001616264 100a
      PK testpb.ExampleTable 8/1/"abd" -> u32:8 u64:10 str:"abd" i64:1
  NEXT
  VALID true
  KEY 00000000098000000000000000 7801
      PK testpb.ExampleTable 9/0/"" -> u32:9 b:true
  NEXT
  VALID false
ITERATOR 00 -> 01
  VALID true
  KEY 00000000047ffffffffffffffe616263 100e
      PK testpb.ExampleTable 4/-2/"abc" -> u32:4 u64:14 str:"abc" i64:-2
  NEXT
  VALID true
  KEY 00000000047ffffffffffffffe616264 100e
      PK testpb.ExampleTable 4/-2/"abd" -> u32:4 u64:14 str:"abd" i64:-2
  NEXT
  VALID true
  KEY 00000000047fffffffffffffff616263 1010
      PK testpb.ExampleTable 4/-1/"abc" -> u32:4 u64:16 str:"abc" i64:-1
  NEXT
  VALID true
  KEY 00000000057ffffffffffffffe616264 1010
      PK testpb.ExampleTable 5/-2/"abd" -> u32:5 u64:16 str:"abd" i64:-2
  NEXT
  VALID true
  KEY 00000000057ffffffffffffffe616265 1012
      PK testpb.ExampleTable 5/-2/"abe" -> u32:5 u64:18 str:"abe" i64:-2
  NEXT
  VALID true
  KEY 00000000077ffffffffffffffe616265 100a
      PK testpb.ExampleTable 7/-2/"abe" -> u32:7 u64:10 str:"abe" i64:-2
  NEXT
  VALID true
  KEY 00000000077fffffffffffffff616265 100b
      PK testpb.ExampleTable 7/-1/"abe" -> u32:7 u64:11 str:"abe" i64:-1
  NEXT
  VALID true
  KEY 00000000087ffffffffffffffc616263 100b
      PK testpb.ExampleTable 8/-4/"abc" -> u32:8 u64:11 str:"abc" i64:-4
  NEXT
  VALID true
  KEY 00000000088000000000000001616263 100c
      PK testpb.ExampleTable 8/1/"abc" -> u32:8 u64:12 str:"abc" i64:1
  NEXT
  VALID true
  KEY 00000000088000000000000001616264 100a
      PK testpb.ExampleTable 8/1/"abd" -> u32:8 u64:10 str:"abd" i64:1
  NEXT
  VALID true
  KEY 00000000098000000000000000 7801
      PK testpb.ExampleTable 9/0/"" -> u32:9 b:true
  NEXT
  VALID false
ITERATOR 00 -> 01
  VALID true
  KEY 00000000047ffffffffffffffe616263 100e
      PK testpb.ExampleTable 4/-2/"abc" -> u32:4 u64:14 str:"abc" i64:-2
  KEY 00000000047ffffffffffffffe616263 100e
      PK testpb.ExampleTable 4/-2/"abc" -> u32:4 u64:14 str:"abc" i64:-2
  NEXT
  VALID true
  KEY 00000000047ffffffffffffffe616264 100e
      PK testpb.ExampleTable 4/-2/"abd" -> u32:4 u64:14 str:"abd" i64:-2
  KEY 00000000047ffffffffffffffe616264 100e
      PK testpb.ExampleTable 4/-2/"abd" -> u32:4 u64:14 str:"abd" i64:-2
  NEXT
  VALID true
  KEY 00000000047fffffffffffffff616263 1010
      PK testpb.ExampleTable 4/-1/"abc" -> u32:4 u64:16 str:"abc" i64:-1
  KEY 00000000047fffffffffffffff616263 1010
      PK testpb.ExampleTable 4/-1/"abc" -> u32:4 u64:16 str:"abc" i64:-1
  NEXT
  VALID true
  KEY 00000000057ffffffffffffffe616264 1010
      PK testpb.ExampleTable 5/-2/"abd" -> u32:5 u64:16 str:"abd" i64:-2
  KEY 00000000057ffffffffffffffe616264 1010
      PK testpb.ExampleTable 5/-2/"abd" -> u32:5 u64:16 str:"abd" i64:-2
  NEXT
  VALID true
  KEY 00000000057ffffffffffffffe616265 1012
      PK testpb.ExampleTable 5/-2/"abe" -> u32:5 u64:18 str:"abe" i64:-2
  KEY 00000000057ffffffffffffffe616265 1012
      PK testpb.ExampleTable 5/-2/"abe" -> u32:5 u64:18 str:"abe" i64:-2
  NEXT
  VALID true
  KEY 00000000077ffffffffffffffe616265 100a
      PK testpb.ExampleTable 7/-2/"abe" -> u32:7 u64:10 str:"abe" i64:-2
  KEY 00000000077ffffffffffffffe616265 100a
      PK testpb.ExampleTable 7/-2/"abe" -> u32:7 u64:10 str:"abe" i64:-2
  NEXT
  VALID true
  KEY 00000000077fffffffffffffff616265 100b
      PK testpb.ExampleTable 7/-1/"abe" -> u32:7 u64:11 str:"abe" i64:-1
  KEY 00000000077fffffffffffffff616265 100b
      PK testpb.ExampleTable 7/-1/"abe" -> u32:7 u64:11 str:"abe" i64:-1
  NEXT
  VALID true
  KEY 00000000087ffffffffffffffc616263 100b
      PK testpb.ExampleTable 8/-4/"abc" -> u32:8 u64:11 str:"abc" i64:-4
  KEY 00000000087ffffffffffffffc616263 100b
      PK testpb.ExampleTable 8/-4/"abc" -> u32:8 u64:11 str:"abc" i64:-4
  NEXT
  VALID true
  KEY 00000000088000000000000001616263 100c
      PK testpb.ExampleTable 8/1/"abc" -> u32:8 u64:12 str:"abc" i64:1
  KEY 00000000088000000000000001616263 100c
      PK testpb.ExampleTable 8/1/"abc" -> u32:8 u64:12 str:"abc" i64:1
  NEXT
  VALID true
  KEY 00000000088000000000000001616264 100a
      PK testpb.ExampleTable 8/1/"abd" -> u32:8 u64:10 str:"abd" i64:1
  KEY 00000000088000000000000001616264 100a
      PK testpb.ExampleTable 8/1/"abd" -> u32:8 u64:10 str:"abd" i64:1
  NEXT
  VALID true
  KEY 00000000098000000000000000 7801
      PK testpb.ExampleTable 9/0/"" -> u32:9 b:true
  KEY 00000000098000000000000000 7801
      PK testpb.ExampleTable 9/0/"" -> u32:9 b:true
  NEXT
  VALID false
GET 00000000077ffffffffffffffe616265 100a
    PK testpb.ExampleTable 7/-2/"abe" -> u32:7 u64:10 str:"abe" i64:-2
DEL 00000000077ffffffffffffffe616265
DEL PK testpb.ExampleTable 7/-2/"abe" -> u32:7 str:"abe" i64:-2
DEL 01000000000000000a616265
DEL ERR:EOF
DEL 0261626500000000077ffffffffffffffe
DEL IDX testpb.ExampleTable str/u32/i64 : "abe"/7/-2 -> 7/-2/"abe"
DEL 030061626500000000077ffffffffffffffe
DEL IDX testpb.ExampleTable bz/str/u32/i64 : ""/"abe"/7/-2 -> 7/-2/"abe"
HAS 00000000077ffffffffffffffe616265
    PK testpb.ExampleTable 7/-2/"abe" -> u32:7 str:"abe" i64:-2
ITERATOR 00 -> 01
  VALID true
  KEY 00000000047ffffffffffffffe616263 100e
      PK testpb.ExampleTable 4/-2/"abc" -> u32:4 u64:14 str:"abc" i64:-2
  NEXT
  VALID true
  KEY 00000000047ffffffffffffffe616264 100e
      PK testpb.ExampleTable 4/-2/"abd" -> u32:4 u64:14 str:"abd" i64:-2
  NEXT
  VALID true
  KEY 00000000047fffffffffffffff616263 1010
      PK testpb.ExampleTable 4/-1/"abc" -> u32:4 u64:16 str:"abc" i64:-1
  NEXT
  VALID true
  KEY 00000000057ffffffffffffffe616264 1010
      PK testpb.ExampleTable 5/-2/"abd" -> u32:5 u64:16 str:"abd" i64:-2
  NEXT
  VALID true
  KEY 00000000057ffffffffffffffe616265 1012
      PK testpb.ExampleTable 5/-2/"abe" -> u32:5 u64:18 str:"abe" i64:-2
  NEXT
  VALID true
  KEY 00000000077fffffffffffffff616265 100b
      PK testpb.ExampleTable 7/-1/"abe" -> u32:7 u64:11 str:"abe" i64:-1
  NEXT
  VALID true
  KEY 00000000087ffffffffffffffc616263 100b
      PK testpb.ExampleTable 8/-4/"abc" -> u32:8 u64:11 str:"abc" i64:-4
  NEXT
  VALID true
  KEY 00000000088000000000000001616263 100c
      PK testpb.ExampleTable 8/1/"abc" -> u32:8 u64:12 str:"abc" i64:1
  NEXT
  VALID true
  KEY 00000000088000000000000001616264 100a
      PK testpb.ExampleTable 8/1/"abd" -> u32:8 u64:10 str:"abd" i64:1
  NEXT
  VALID true
  KEY 00000000098000000000000000 7801
      PK testpb.ExampleTable 9/0/"" -> u32:9 b:true
  NEXT
  VALID false
  CLOSE
  CLOSE
  CLOSE
